0.000 1 arrives
0.000 1 serves by server 1
0.313 1 done serving by server 1
0.314 2 arrives
0.314 2 serves by server 1
0.417 2 done serving by server 1
1.205 3 arrives
1.205 3 serves by server 1
1.904 3 done serving by server 1
2.776 4 arrives
2.776 4 serves by server 1
2.791 4 done serving by server 1
3.877 5 arrives
3.877 5 serves by server 1
4.031 5 done serving by server 1
[0.000 5 0]
