0.000 1 arrives
0.000 1 serves by server 1
0.313 1 done serving by server 1
0.314 2 arrives
0.314 2 serves by server 1
0.417 2 done serving by server 1
1.205 3 arrives
1.205 3 serves by server 2
1.904 3 done serving by server 2
2.776 4 arrives
2.776 4 serves by server 2
2.791 4 done serving by server 2
3.877 5 arrives
3.877 5 serves by server 1
3.910 6 arrives
3.910 6 serves by server 2
3.922 6 done serving by server 2
4.031 5 done serving by server 1
9.006 7 arrives
9.006 7 serves by server 1
9.043 8 arrives
9.043 8 serves by server 2
9.105 9 arrives
9.105 9 waits at server 1
9.160 10 arrives
9.160 10 waits at server 1
10.484 7 done serving by server 1
10.484 9 serves by server 1
10.781 9 done serving by server 1
11.636 8 done serving by server 2
14.644 10 serves by server 1
14.696 10 done serving by server 1
[0.686 10 0]
